------------------------------------------------------------
Timing Analyzer Summary
------------------------------------------------------------

Type  : Slow 1200mV 85C Model Setup 'debouncer:clkdeb|A'
Slack : -3.353
TNS   : -34.548

Type  : Slow 1200mV 85C Model Setup 'CLK50M'
Slack : -3.223
TNS   : -54.730

Type  : Slow 1200mV 85C Model Hold 'debouncer:clkdeb|A'
Slack : 0.479
TNS   : 0.000

Type  : Slow 1200mV 85C Model Hold 'CLK50M'
Slack : 0.536
TNS   : 0.000

Type  : Slow 1200mV 85C Model Minimum Pulse Width 'CLK50M'
Slack : -3.000
TNS   : -23.774

Type  : Slow 1200mV 85C Model Minimum Pulse Width 'debouncer:clkdeb|A'
Slack : -1.222
TNS   : -30.550

Type  : Slow 1200mV 0C Model Setup 'debouncer:clkdeb|A'
Slack : -2.980
TNS   : -29.566

Type  : Slow 1200mV 0C Model Setup 'CLK50M'
Slack : -2.909
TNS   : -49.363

Type  : Slow 1200mV 0C Model Hold 'debouncer:clkdeb|A'
Slack : 0.437
TNS   : 0.000

Type  : Slow 1200mV 0C Model Hold 'CLK50M'
Slack : 0.493
TNS   : 0.000

Type  : Slow 1200mV 0C Model Minimum Pulse Width 'CLK50M'
Slack : -3.000
TNS   : -23.774

Type  : Slow 1200mV 0C Model Minimum Pulse Width 'debouncer:clkdeb|A'
Slack : -1.222
TNS   : -30.550

Type  : Fast 1200mV 0C Model Setup 'CLK50M'
Slack : -1.080
TNS   : -18.089

Type  : Fast 1200mV 0C Model Setup 'debouncer:clkdeb|A'
Slack : -1.056
TNS   : -7.928

Type  : Fast 1200mV 0C Model Hold 'debouncer:clkdeb|A'
Slack : 0.221
TNS   : 0.000

Type  : Fast 1200mV 0C Model Hold 'CLK50M'
Slack : 0.242
TNS   : 0.000

Type  : Fast 1200mV 0C Model Minimum Pulse Width 'CLK50M'
Slack : -3.000
TNS   : -20.459

Type  : Fast 1200mV 0C Model Minimum Pulse Width 'debouncer:clkdeb|A'
Slack : -1.000
TNS   : -25.000

------------------------------------------------------------
